<html>
<body>
<pre>
<h1>µVision Build Log</h1>
<h2>Tool Versions:</h2>
IDE-Version: ¦ÌVision V5.28.0.0
Copyright (C) 2019 ARM Ltd and ARM Germany GmbH. All rights reserved.
License Information: 111 Administrator, 1111, LIC=BUURY-ICC7G-KP9ZY-I2HBL-IPF1H-MVZ80
 
Tool Versions:
Toolchain:       MDK-ARM Plus  Version: 5.28.0.0
Toolchain Path:  C:\Keil_v5\ARM\ARMCC\Bin
C Compiler:      Armcc.exe V5.06 update 6 (build 750)
Assembler:       Armasm.exe V5.06 update 6 (build 750)
Linker/Locator:  ArmLink.exe V5.06 update 6 (build 750)
Library Manager: ArmAr.exe V5.06 update 6 (build 750)
Hex Converter:   FromElf.exe V5.06 update 6 (build 750)
CPU DLL:         SARMCM3.DLL V5.28.0.0
Dialog DLL:      DCM.DLL V1.17.3.0
Target DLL:      Segger\JL2CM3.dll V2.99.36.0
Dialog DLL:      TCM.DLL V1.36.2.0
 
<h2>Project:</h2>
E:\ARM\GD32\Key-Ex-3\Project\Key-Ex-3.uvprojx
Project File Date:  07/20/2025

<h2>Output:</h2>
*** Using Compiler 'V5.06 update 6 (build 750)', folder: 'C:\Keil_v5\ARM\ARMCC\Bin'
Rebuild target 'Target 1'
assembling startup_gd32f3x0.s...
compiling gd32f3x0_gpio.c...
compiling system_gd32f3x0.c...
compiling gd32f3x0_rcu.c...
compiling gd32f3x0_adc.c...
compiling gd32f3x0_cmp.c...
compiling gd32f3x0_cec.c...
compiling gd32f3x0_crc.c...
compiling gd32f3x0_ctc.c...
compiling gd32f3x0_dbg.c...
compiling gd32f3x0_dac.c...
compiling gd32f3x0_exti.c...
compiling gd32f3x0_dma.c...
compiling gd32f3x0_fwdgt.c...
compiling gd32f3x0_fmc.c...
compiling gd32f3x0_misc.c...
compiling gd32f3x0_i2c.c...
compiling gd32f3x0_pmu.c...
compiling gd32f3x0_rtc.c...
compiling gd32f3x0_syscfg.c...
compiling gd32f3x0_spi.c...
compiling gd32f3x0_tsi.c...
compiling gd32f3x0_wwdgt.c...
compiling gd32f3x0_timer.c...
compiling gd32f3x0_usart.c...
compiling gd32f3x0_it.c...
compiling main.c...
compiling systick.c...
compiling LED.c...
compiling Gpio.c...
compiling Key.c...
compiling EXTI_Gpio.c...
compiling Pjt_SysTick.c...
compiling Uart.c...
compiling gSysVar.c...
compiling SysTimer.c...
linking...
Program Size: Code=3436 RO-data=368 RW-data=16 ZI-data=1024  
FromELF: creating hex file...
".\Objects\Key-Ex-3.elf" - 0 Error(s), 0 Warning(s).

<h2>Software Packages used:</h2>

Package Vendor: GigaDevice
                https://gd32mcu.com/data/documents/pack/GigaDevice.GD32F3x0_DFP.3.0.2.pack
                GigaDevice.GD32F3x0_DFP.3.0.2
                GigaDevice GD32F3x0 Series Device Support and Examples

<h2>Collection of Component include folders:</h2>
  .\RTE\_Target_1
  C:\Users\Administrator\AppData\Local\Arm\Packs\GigaDevice\GD32F3x0_DFP\3.0.2\Device\Include

<h2>Collection of Component Files used:</h2>
Build Time Elapsed:  00:00:05
</pre>
</body>
</html>
